// Jest Snapshot v1, https://goo.gl/fbAQLP

exports[`should delete metric 1`] = `
<ConfirmButton
  confirmButtonText="delete"
  confirmData="foo"
  isDestructive={true}
  modalBody="custom_metrics.delete_metric.confirmation.Foo"
  modalHeader="custom_metrics.delete_metric"
  onConfirm={[MockFunction]}
/>
`;
