// Jest Snapshot v1, https://goo.gl/fbAQLP

exports[`not found 1`] = `<NotFound />`;

exports[`smoke test 1`] = `null`;

exports[`smoke test 2`] = `
<div>
  <OrganizationNavigation
    organization={
      Object {
        "canAdmin": false,
        "isDefault": false,
        "key": "foo",
        "name": "Foo",
      }
    }
  />
  <div>
    hello
  </div>
</div>
`;
