// Jest Snapshot v1, https://goo.gl/fbAQLP

exports[`should delete custom measure 1`] = `
<ConfirmButton
  confirmButtonText="delete"
  confirmData="1"
  isDestructive={true}
  modalBody="custom_measures.delete_custom_measure.confirmation.custom-metric"
  modalHeader="custom_measures.delete_custom_measure"
  onConfirm={[MockFunction]}
/>
`;
