// Jest Snapshot v1, https://goo.gl/fbAQLP

exports[`renders correctly 1`] = `
<Command
  command="foo
bar"
>
  <div
    className="onboarding-command"
  >
    <pre>
      foo
bar
    </pre>
    <ClipboardButton
      copyValue="foo
bar"
      tooltipPlacement="top"
    >
      <button
        className="js-copy-to-clipboard no-select"
        data-clipboard-text="foo
bar"
      >
        copy
      </button>
    </ClipboardButton>
  </div>
</Command>
`;
